// Jest Snapshot v1, https://goo.gl/fbAQLP

exports[`component unit test 1`] = `
<div
  className="container"
>
  <div
    className="inner"
  >
    <div
      className="boxLoading"
    />
    <div
      className="title"
    >
      努力加载中...
    </div>
  </div>
</div>
`;
